// Vitest Snapshot v1, https://vitest.dev/guide/snapshot.html

exports[`computeModel — keyMetrics snapshots > pessimistic occupancy (-20% nights) / tepix-loan 1`] = `
{
  "annualDS": 515241.38099316164,
  "assetCoverage": 1.3276805485343226,
  "breakEvenNights": 51,
  "bufferToBreakEven": 0.30828600151366026,
  "equityRequired": 566896,
  "grantAmount": 0,
  "landFundedByCommercial": 978880,
  "landFundedByTepix": 371120,
  "loanAmount": 4494304,
  "ltv": 0.7531932294285235,
  "portfolioValue": 5967000,
  "primaryLoan": 3711200,
  "stabilisedDSCR": 0.429534210884621,
  "stabilisedEBITDA": 221313.80000000005,
  "stabilisedEBITDAMargin": 0.23212502294359813,
  "stabilisedNCF": -413358.52425250784,
  "stabilisedRevenue": 953425,
  "supplementaryLoan": 783104,
  "tepixCapBindingBy": 0,
  "tepixLoanCap": 8000000,
  "totalCapex": 5061200,
}
`;

exports[`computeModel — keyMetrics snapshots > realistic / commercial path 1`] = `
{
  "annualDS": 405477.94816990517,
  "assetCoverage": 1.4737117679601675,
  "breakEvenNights": 40,
  "bufferToBreakEven": 0.06076336169886489,
  "equityRequired": 1012240,
  "grantAmount": 0,
  "landFundedByCommercial": 0,
  "landFundedByTepix": 0,
  "loanAmount": 4048960,
  "ltv": 0.6785587397352103,
  "portfolioValue": 5967000,
  "primaryLoan": 4048960,
  "stabilisedDSCR": 0.8392905250112399,
  "stabilisedEBITDA": 340313.80000000005,
  "stabilisedEBITDAMargin": 0.3173310954145978,
  "stabilisedNCF": -217154.22637137855,
  "stabilisedRevenue": 1072425,
  "supplementaryLoan": 0,
  "tepixCapBindingBy": 0,
  "tepixLoanCap": 0,
  "totalCapex": 5061200,
}
`;

exports[`computeModel — keyMetrics snapshots > realistic / grant path 1`] = `
{
  "annualDS": 227084.31489145514,
  "assetCoverage": 2.6314350427591657,
  "breakEvenNights": 22,
  "bufferToBreakEven": 0.10558266089334446,
  "equityRequired": 566896,
  "grantAmount": 2226720,
  "landFundedByCommercial": 0,
  "landFundedByTepix": 0,
  "loanAmount": 2267584,
  "ltv": 0.3800207809619574,
  "portfolioValue": 5967000,
  "primaryLoan": 2267584,
  "stabilisedDSCR": 1.4986231002465664,
  "stabilisedEBITDA": 340313.80000000005,
  "stabilisedEBITDAMargin": 0.3173310954145978,
  "stabilisedNCF": -52513.34986639381,
  "stabilisedRevenue": 1072425,
  "supplementaryLoan": 0,
  "tepixCapBindingBy": 0,
  "tepixLoanCap": 0,
  "totalCapex": 5061200,
}
`;

exports[`computeModel — keyMetrics snapshots > realistic / rrf path 1`] = `
{
  "annualDS": 341521.03808206966,
  "assetCoverage": 1.4737117679601675,
  "breakEvenNights": 34,
  "bufferToBreakEven": 0.0011257086342351874,
  "equityRequired": 1012240,
  "grantAmount": 0,
  "landFundedByCommercial": 0,
  "landFundedByTepix": 0,
  "loanAmount": 4048960,
  "ltv": 0.6785587397352103,
  "portfolioValue": 5967000,
  "primaryLoan": 4048960,
  "stabilisedDSCR": 0.9964651135729462,
  "stabilisedEBITDA": 340313.80000000005,
  "stabilisedEBITDAMargin": 0.3173310954145978,
  "stabilisedNCF": -174696.63054936897,
  "stabilisedRevenue": 1072425,
  "supplementaryLoan": 0,
  "tepixCapBindingBy": 0,
  "tepixLoanCap": 0,
  "totalCapex": 5061200,
}
`;

exports[`computeModel — keyMetrics snapshots > realistic / tepix-loan path 1`] = `
{
  "annualDS": 515241.38099316164,
  "assetCoverage": 1.3276805485343226,
  "breakEvenNights": 51,
  "bufferToBreakEven": 0.1631140461973206,
  "equityRequired": 566896,
  "grantAmount": 0,
  "landFundedByCommercial": 978880,
  "landFundedByTepix": 371120,
  "loanAmount": 4494304,
  "ltv": 0.7531932294285235,
  "portfolioValue": 5967000,
  "primaryLoan": 3711200,
  "stabilisedDSCR": 0.6604939210123667,
  "stabilisedEBITDA": 340313.80000000005,
  "stabilisedEBITDAMargin": 0.3173310954145978,
  "stabilisedNCF": -332077.9181919018,
  "stabilisedRevenue": 1072425,
  "supplementaryLoan": 783104,
  "tepixCapBindingBy": 0,
  "tepixLoanCap": 8000000,
  "totalCapex": 5061200,
}
`;

exports[`computeModel — scenario fan > realistic vs upside vs downside stabilised revenue (tepix-loan) 1`] = `
{
  "downside": 904098,
  "downside_factors": {
    "adrReduction": 0.05,
    "eventsPerYear": 4,
    "occupancyReduction": 0.1,
    "wcRepaymentRatio": 0.7,
    "wcSeasonalDrawMultiplier": 1.5,
  },
  "realistic": 1072425,
  "upside": 1366625,
}
`;
