// Vitest Snapshot v1, https://vitest.dev/guide/snapshot.html

exports[`computeModel — keyMetrics snapshots > pessimistic occupancy (-20% nights) / tepix-loan 1`] = `
{
  "annualDS": 456446.8727329366,
  "assetCoverage": 1.6212181194366468,
  "breakEvenNights": 45,
  "bufferToBreakEven": 0.21811892150188694,
  "equityRequired": 524016,
  "graceInterestCarry": 472847.83585819067,
  "graceInterestHoldYears": 3,
  "grantAmount": 0,
  "landFundedByCommercial": 1032480,
  "landFundedByTepix": 317520,
  "loanAmount": 4001184,
  "loanToProjectCost": 0.8842004773269689,
  "ltv": 0.61682014777104,
  "portfolioValue": 6486792,
  "preOpeningEquityBuffer": 41953,
  "primaryLoan": 3175200,
  "stabilisedDSCR": 0.5443937834697087,
  "stabilisedEBITDA": 248486.83999999997,
  "stabilisedEBITDAMargin": 0.26062547132705766,
  "stabilisedNCF": -306038.3660662699,
  "stabilisedRevenue": 953425,
  "supplementaryLoan": 825984,
  "tepixCapBindingBy": 0,
  "tepixLoanCap": 8000000,
  "totalCapex": 4525200,
}
`;

exports[`computeModel — keyMetrics snapshots > realistic / commercial path 1`] = `
{
  "annualDS": 362536.317683248,
  "assetCoverage": 1.7918522938212675,
  "breakEvenNights": 36,
  "bufferToBreakEven": 0.004616194434810828,
  "equityRequired": 905040,
  "graceInterestCarry": 332812.80000000005,
  "graceInterestHoldYears": 4,
  "grantAmount": 0,
  "landFundedByCommercial": 0,
  "landFundedByTepix": 0,
  "loanAmount": 3620160,
  "loanToProjectCost": 0.8,
  "ltv": 0.5580817143512541,
  "portfolioValue": 6486792,
  "preOpeningEquityBuffer": 41953,
  "primaryLoan": 3620160,
  "stabilisedDSCR": 1.0136552452134664,
  "stabilisedEBITDA": 367486.83999999997,
  "stabilisedEBITDAMargin": 0.34266903513066177,
  "stabilisedNCF": -104667.20495597535,
  "stabilisedRevenue": 1072425,
  "supplementaryLoan": 0,
  "tepixCapBindingBy": 0,
  "tepixLoanCap": 0,
  "totalCapex": 4525200,
}
`;

exports[`computeModel — keyMetrics snapshots > realistic / grant path 1`] = `
{
  "annualDS": 209907.66269679228,
  "assetCoverage": 3.0947490152972428,
  "breakEvenNights": 21,
  "bufferToBreakEven": 0.14693724717645307,
  "equityRequired": 524016,
  "graceInterestCarry": 210885.12,
  "graceInterestHoldYears": 4,
  "grantAmount": 1905120,
  "landFundedByCommercial": 0,
  "landFundedByTepix": 0,
  "loanAmount": 2096064,
  "loanToProjectCost": 0.4631980906921241,
  "ltv": 0.32312798067211035,
  "portfolioValue": 6486792,
  "preOpeningEquityBuffer": 41953,
  "primaryLoan": 2096064,
  "stabilisedDSCR": 1.750707121782533,
  "stabilisedEBITDA": 367486.83999999997,
  "stabilisedEBITDAMargin": 0.34266903513066177,
  "stabilisedNCF": 47961.450030480395,
  "stabilisedRevenue": 1072425,
  "supplementaryLoan": 0,
  "tepixCapBindingBy": 0,
  "tepixLoanCap": 0,
  "totalCapex": 4525200,
}
`;

exports[`computeModel — keyMetrics snapshots > realistic / rrf path 1`] = `
{
  "annualDS": 305352.68346024293,
  "assetCoverage": 1.7918522938212675,
  "breakEvenNights": 30,
  "bufferToBreakEven": 0.057937997099803754,
  "equityRequired": 905040,
  "graceInterestCarry": 322100,
  "graceInterestHoldYears": 3,
  "grantAmount": 0,
  "landFundedByCommercial": 0,
  "landFundedByTepix": 0,
  "loanAmount": 3620160,
  "loanToProjectCost": 0.8,
  "ltv": 0.5580817143512541,
  "portfolioValue": 6486792,
  "preOpeningEquityBuffer": 41953,
  "primaryLoan": 3620160,
  "stabilisedDSCR": 1.203483250370213,
  "stabilisedEBITDA": 367486.83999999997,
  "stabilisedEBITDAMargin": 0.34266903513066177,
  "stabilisedNCF": -47483.570732970256,
  "stabilisedRevenue": 1072425,
  "supplementaryLoan": 0,
  "tepixCapBindingBy": 0,
  "tepixLoanCap": 0,
  "totalCapex": 4525200,
}
`;

exports[`computeModel — keyMetrics snapshots > realistic / tepix-loan path 1`] = `
{
  "annualDS": 456446.8727329366,
  "assetCoverage": 1.6212181194366468,
  "breakEvenNights": 45,
  "bufferToBreakEven": 0.08295221832103555,
  "equityRequired": 524016,
  "graceInterestCarry": 472847.83585819067,
  "graceInterestHoldYears": 3,
  "grantAmount": 0,
  "landFundedByCommercial": 1032480,
  "landFundedByTepix": 317520,
  "loanAmount": 4001184,
  "loanToProjectCost": 0.8842004773269689,
  "ltv": 0.61682014777104,
  "portfolioValue": 6486792,
  "preOpeningEquityBuffer": 41953,
  "primaryLoan": 3175200,
  "stabilisedDSCR": 0.8051032046724386,
  "stabilisedEBITDA": 367486.83999999997,
  "stabilisedEBITDAMargin": 0.34266903513066177,
  "stabilisedNCF": -198577.7600056639,
  "stabilisedRevenue": 1072425,
  "supplementaryLoan": 825984,
  "tepixCapBindingBy": 0,
  "tepixLoanCap": 8000000,
  "totalCapex": 4525200,
}
`;

exports[`computeModel — scenario fan > realistic vs upside vs downside stabilised revenue (tepix-loan) 1`] = `
{
  "downside": 904098,
  "downside_factors": {
    "adrReduction": 0.05,
    "eventsPerYear": 4,
    "occupancyReduction": 0.1,
    "wcRepaymentRatio": 0.7,
    "wcSeasonalDrawMultiplier": 1.5,
  },
  "realistic": 1072425,
  "upside": 1366625,
}
`;
