// Vitest Snapshot v1, https://vitest.dev/guide/snapshot.html

exports[`computeModel — keyMetrics snapshots > pessimistic occupancy (-20% nights) / tepix-loan 1`] = `
{
  "annualDS": 515241.38099316164,
  "assetCoverage": 1.3276805485343226,
  "breakEvenNights": 51,
  "bufferToBreakEven": 0.35844931797798646,
  "equityRequired": 566896,
  "graceInterestCarry": 530790.9071670815,
  "graceInterestHoldYears": 3,
  "grantAmount": 0,
  "landFundedByCommercial": 978880,
  "landFundedByTepix": 371120,
  "loanAmount": 4494304,
  "ltv": 0.7531932294285235,
  "portfolioValue": 5967000,
  "primaryLoan": 3711200,
  "stabilisedDSCR": 0.33670983426368567,
  "stabilisedEBITDA": 173486.83999999997,
  "stabilisedEBITDAMargin": 0.18196170647927207,
  "stabilisedNCF": -439832.874326495,
  "stabilisedRevenue": 953425,
  "supplementaryLoan": 783104,
  "tepixCapBindingBy": 0,
  "tepixLoanCap": 8000000,
  "totalCapex": 5061200,
}
`;

exports[`computeModel — keyMetrics snapshots > realistic / commercial path 1`] = `
{
  "annualDS": 405477.94816990517,
  "assetCoverage": 1.4737117679601675,
  "breakEvenNights": 40,
  "bufferToBreakEven": 0.10536038246954813,
  "equityRequired": 1012240,
  "graceInterestCarry": 322100,
  "graceInterestHoldYears": 3,
  "grantAmount": 0,
  "landFundedByCommercial": 0,
  "landFundedByTepix": 0,
  "loanAmount": 4048960,
  "ltv": 0.6785587397352103,
  "portfolioValue": 5967000,
  "primaryLoan": 4048960,
  "stabilisedDSCR": 0.7213384632138881,
  "stabilisedEBITDA": 292486.83999999997,
  "stabilisedEBITDAMargin": 0.27273407464391447,
  "stabilisedNCF": -222608.8354426325,
  "stabilisedRevenue": 1072425,
  "supplementaryLoan": 0,
  "tepixCapBindingBy": 0,
  "tepixLoanCap": 0,
  "totalCapex": 5061200,
}
`;

exports[`computeModel — keyMetrics snapshots > realistic / grant path 1`] = `
{
  "annualDS": 227084.31489145514,
  "assetCoverage": 2.6314350427591657,
  "breakEvenNights": 22,
  "bufferToBreakEven": 0.060985640122661125,
  "equityRequired": 566896,
  "graceInterestCarry": 234800,
  "graceInterestHoldYears": 3,
  "grantAmount": 2226720,
  "landFundedByCommercial": 0,
  "landFundedByTepix": 0,
  "loanAmount": 2267584,
  "ltv": 0.3800207809619574,
  "portfolioValue": 5967000,
  "primaryLoan": 2267584,
  "stabilisedDSCR": 1.2880098748335251,
  "stabilisedEBITDA": 292486.83999999997,
  "stabilisedEBITDAMargin": 0.27273407464391447,
  "stabilisedNCF": -44215.20216418247,
  "stabilisedRevenue": 1072425,
  "supplementaryLoan": 0,
  "tepixCapBindingBy": 0,
  "tepixLoanCap": 0,
  "totalCapex": 5061200,
}
`;

exports[`computeModel — keyMetrics snapshots > realistic / rrf path 1`] = `
{
  "annualDS": 341521.03808206966,
  "assetCoverage": 1.4737117679601675,
  "breakEvenNights": 34,
  "bufferToBreakEven": 0.045722729404918415,
  "equityRequired": 1012240,
  "graceInterestCarry": 322100,
  "graceInterestHoldYears": 3,
  "grantAmount": 0,
  "landFundedByCommercial": 0,
  "landFundedByTepix": 0,
  "loanAmount": 4048960,
  "ltv": 0.6785587397352103,
  "portfolioValue": 5967000,
  "primaryLoan": 4048960,
  "stabilisedDSCR": 0.8564240775401765,
  "stabilisedEBITDA": 292486.83999999997,
  "stabilisedEBITDAMargin": 0.27273407464391447,
  "stabilisedNCF": -158651.925354797,
  "stabilisedRevenue": 1072425,
  "supplementaryLoan": 0,
  "tepixCapBindingBy": 0,
  "tepixLoanCap": 0,
  "totalCapex": 5061200,
}
`;

exports[`computeModel — keyMetrics snapshots > realistic / tepix-loan path 1`] = `
{
  "annualDS": 515241.38099316164,
  "assetCoverage": 1.3276805485343226,
  "breakEvenNights": 51,
  "bufferToBreakEven": 0.20771106696800404,
  "equityRequired": 566896,
  "graceInterestCarry": 530790.9071670815,
  "graceInterestHoldYears": 3,
  "grantAmount": 0,
  "landFundedByCommercial": 978880,
  "landFundedByTepix": 371120,
  "loanAmount": 4494304,
  "ltv": 0.7531932294285235,
  "portfolioValue": 5967000,
  "primaryLoan": 3711200,
  "stabilisedDSCR": 0.5676695443914314,
  "stabilisedEBITDA": 292486.83999999997,
  "stabilisedEBITDAMargin": 0.27273407464391447,
  "stabilisedNCF": -332372.26826588897,
  "stabilisedRevenue": 1072425,
  "supplementaryLoan": 783104,
  "tepixCapBindingBy": 0,
  "tepixLoanCap": 8000000,
  "totalCapex": 5061200,
}
`;

exports[`computeModel — scenario fan > realistic vs upside vs downside stabilised revenue (tepix-loan) 1`] = `
{
  "downside": 904098,
  "downside_factors": {
    "adrReduction": 0.05,
    "eventsPerYear": 4,
    "occupancyReduction": 0.1,
    "wcRepaymentRatio": 0.7,
    "wcSeasonalDrawMultiplier": 1.5,
  },
  "realistic": 1072425,
  "upside": 1366625,
}
`;
