// Vitest Snapshot v1, https://vitest.dev/guide/snapshot.html

exports[`L1 — engine metrics that feed the validation table > bank-view metrics snapshot (commercial path, realistic scenario) 1`] = `
{
  "equityMOIC": 2.7408534052647875,
  "leveredEquityIRR": 0.09261013252357929,
  "stabilisedDSCR2032_coverageBasis": 0.998167983297397,
  "stabilisedEBITDA2032": 367486.83999999997,
  "stabilisedRevenue2032": 1072425,
  "totalCAPEX": 4525200,
}
`;
